Copyright 1986-2022 Xilinx, Inc. All Rights Reserved. Copyright 2022-2023 Advanced Micro Devices, Inc. All Rights Reserved.
--------------------------------------------------------------------------------------------------------------------------------------------------------------------------
| Tool Version : Vivado v.2023.2 (win64) Build 4029153 Fri Oct 13 20:14:34 MDT 2023
| Date         : Tue Apr 15 02:23:40 2025
| Host         : LAPTOP-G2H00B5B running 64-bit major release  (build 9200)
| Command      : report_methodology -file alchitry_top_methodology_drc_routed.rpt -pb alchitry_top_methodology_drc_routed.pb -rpx alchitry_top_methodology_drc_routed.rpx
| Design       : alchitry_top
| Device       : xc7a35tftg256-1
| Speed File   : -1
| Design State : Fully Routed
--------------------------------------------------------------------------------------------------------------------------------------------------------------------------

Report Methodology

Table of Contents
-----------------
1. REPORT SUMMARY
2. REPORT DETAILS

1. REPORT SUMMARY
-----------------
            Netlist: netlist
          Floorplan: design_1
      Design limits: <entire design considered>
             Max violations: <unlimited>
             Violations found: 42
+-----------+----------+-------------------------------+------------+
| Rule      | Severity | Description                   | Violations |
+-----------+----------+-------------------------------+------------+
| LUTAR-1   | Warning  | LUT drives async reset alert  | 1          |
| TIMING-18 | Warning  | Missing input or output delay | 41         |
+-----------+----------+-------------------------------+------------+

2. REPORT DETAILS
-----------------
LUTAR-1#1 Warning
LUT drives async reset alert  
LUT cell reset_cond/D_stage_q[3]_i_1, with 2 or more inputs, drives asynchronous preset/clear pin(s) reset_cond/D_stage_q_reg[0]/PRE, reset_cond/D_stage_q_reg[1]/PRE,
reset_cond/D_stage_q_reg[2]/PRE, reset_cond/D_stage_q_reg[3]/PRE. The LUT may glitch and trigger an unexpected reset, even if it is a properly timed path.
Related violations: <none>

TIMING-18#1 Warning
Missing input or output delay  
An input delay is missing on game_reset relative to the rising and/or falling clock edge(s) of clk_0.
Related violations: <none>

TIMING-18#2 Warning
Missing input or output delay  
An input delay is missing on io_button[0] relative to the rising and/or falling clock edge(s) of clk_0.
Related violations: <none>

TIMING-18#3 Warning
Missing input or output delay  
An input delay is missing on io_button[1] relative to the rising and/or falling clock edge(s) of clk_0.
Related violations: <none>

TIMING-18#4 Warning
Missing input or output delay  
An input delay is missing on io_button[2] relative to the rising and/or falling clock edge(s) of clk_0.
Related violations: <none>

TIMING-18#5 Warning
Missing input or output delay  
An input delay is missing on io_button[3] relative to the rising and/or falling clock edge(s) of clk_0.
Related violations: <none>

TIMING-18#6 Warning
Missing input or output delay  
An input delay is missing on io_button[4] relative to the rising and/or falling clock edge(s) of clk_0.
Related violations: <none>

TIMING-18#7 Warning
Missing input or output delay  
An input delay is missing on player_1_blue_button relative to the rising and/or falling clock edge(s) of clk_0.
Related violations: <none>

TIMING-18#8 Warning
Missing input or output delay  
An input delay is missing on player_1_green_button relative to the rising and/or falling clock edge(s) of clk_0.
Related violations: <none>

TIMING-18#9 Warning
Missing input or output delay  
An input delay is missing on player_1_red_or_start_button relative to the rising and/or falling clock edge(s) of clk_0.
Related violations: <none>

TIMING-18#10 Warning
Missing input or output delay  
An input delay is missing on player_2_blue_button relative to the rising and/or falling clock edge(s) of clk_0.
Related violations: <none>

TIMING-18#11 Warning
Missing input or output delay  
An input delay is missing on player_2_green_button relative to the rising and/or falling clock edge(s) of clk_0.
Related violations: <none>

TIMING-18#12 Warning
Missing input or output delay  
An input delay is missing on player_2_red_button relative to the rising and/or falling clock edge(s) of clk_0.
Related violations: <none>

TIMING-18#13 Warning
Missing input or output delay  
An input delay is missing on rst_n relative to the rising and/or falling clock edge(s) of clk_0.
Related violations: <none>

TIMING-18#14 Warning
Missing input or output delay  
An output delay is missing on arcade_buttons_light relative to the rising and/or falling clock edge(s) of clk_0.
Related violations: <none>

TIMING-18#15 Warning
Missing input or output delay  
An output delay is missing on data relative to the rising and/or falling clock edge(s) of clk_0.
Related violations: <none>

TIMING-18#16 Warning
Missing input or output delay  
An output delay is missing on io_led[1][0] relative to the rising and/or falling clock edge(s) of clk_0.
Related violations: <none>

TIMING-18#17 Warning
Missing input or output delay  
An output delay is missing on io_led[1][1] relative to the rising and/or falling clock edge(s) of clk_0.
Related violations: <none>

TIMING-18#18 Warning
Missing input or output delay  
An output delay is missing on io_led[1][2] relative to the rising and/or falling clock edge(s) of clk_0.
Related violations: <none>

TIMING-18#19 Warning
Missing input or output delay  
An output delay is missing on io_led[1][3] relative to the rising and/or falling clock edge(s) of clk_0.
Related violations: <none>

TIMING-18#20 Warning
Missing input or output delay  
An output delay is missing on io_led[1][4] relative to the rising and/or falling clock edge(s) of clk_0.
Related violations: <none>

TIMING-18#21 Warning
Missing input or output delay  
An output delay is missing on io_led[1][5] relative to the rising and/or falling clock edge(s) of clk_0.
Related violations: <none>

TIMING-18#22 Warning
Missing input or output delay  
An output delay is missing on io_led[1][6] relative to the rising and/or falling clock edge(s) of clk_0.
Related violations: <none>

TIMING-18#23 Warning
Missing input or output delay  
An output delay is missing on io_led[1][7] relative to the rising and/or falling clock edge(s) of clk_0.
Related violations: <none>

TIMING-18#24 Warning
Missing input or output delay  
An output delay is missing on io_led[2][0] relative to the rising and/or falling clock edge(s) of clk_0.
Related violations: <none>

TIMING-18#25 Warning
Missing input or output delay  
An output delay is missing on io_led[2][1] relative to the rising and/or falling clock edge(s) of clk_0.
Related violations: <none>

TIMING-18#26 Warning
Missing input or output delay  
An output delay is missing on io_led[2][2] relative to the rising and/or falling clock edge(s) of clk_0.
Related violations: <none>

TIMING-18#27 Warning
Missing input or output delay  
An output delay is missing on io_led[2][3] relative to the rising and/or falling clock edge(s) of clk_0.
Related violations: <none>

TIMING-18#28 Warning
Missing input or output delay  
An output delay is missing on io_led[2][4] relative to the rising and/or falling clock edge(s) of clk_0.
Related violations: <none>

TIMING-18#29 Warning
Missing input or output delay  
An output delay is missing on io_led[2][5] relative to the rising and/or falling clock edge(s) of clk_0.
Related violations: <none>

TIMING-18#30 Warning
Missing input or output delay  
An output delay is missing on io_led[2][6] relative to the rising and/or falling clock edge(s) of clk_0.
Related violations: <none>

TIMING-18#31 Warning
Missing input or output delay  
An output delay is missing on io_led[2][7] relative to the rising and/or falling clock edge(s) of clk_0.
Related violations: <none>

TIMING-18#32 Warning
Missing input or output delay  
An output delay is missing on player_1_life_1 relative to the rising and/or falling clock edge(s) of clk_0.
Related violations: <none>

TIMING-18#33 Warning
Missing input or output delay  
An output delay is missing on player_1_life_2 relative to the rising and/or falling clock edge(s) of clk_0.
Related violations: <none>

TIMING-18#34 Warning
Missing input or output delay  
An output delay is missing on player_1_life_3 relative to the rising and/or falling clock edge(s) of clk_0.
Related violations: <none>

TIMING-18#35 Warning
Missing input or output delay  
An output delay is missing on player_1_life_4 relative to the rising and/or falling clock edge(s) of clk_0.
Related violations: <none>

TIMING-18#36 Warning
Missing input or output delay  
An output delay is missing on player_1_life_5 relative to the rising and/or falling clock edge(s) of clk_0.
Related violations: <none>

TIMING-18#37 Warning
Missing input or output delay  
An output delay is missing on player_2_life_1 relative to the rising and/or falling clock edge(s) of clk_0.
Related violations: <none>

TIMING-18#38 Warning
Missing input or output delay  
An output delay is missing on player_2_life_2 relative to the rising and/or falling clock edge(s) of clk_0.
Related violations: <none>

TIMING-18#39 Warning
Missing input or output delay  
An output delay is missing on player_2_life_3 relative to the rising and/or falling clock edge(s) of clk_0.
Related violations: <none>

TIMING-18#40 Warning
Missing input or output delay  
An output delay is missing on player_2_life_4 relative to the rising and/or falling clock edge(s) of clk_0.
Related violations: <none>

TIMING-18#41 Warning
Missing input or output delay  
An output delay is missing on player_2_life_5 relative to the rising and/or falling clock edge(s) of clk_0.
Related violations: <none>


